// Jest Snapshot v1, https://goo.gl/fbAQLP

exports[`App.test.js has the expected html structure 1`] = `
<div
  class="jumbotron"
>
  <!---->
  <h1>
    Photo Gallery
  </h1>
  <div
    class="owl-carousel owl-theme"
  />
</div>
`;
